<html>
<body>
<pre>
<h1>µVision Build Log</h1>
<h2>Tool Versions:</h2>
IDE-Version: ¦ÌVision V5.28.0.0
Copyright (C) 2019 ARM Ltd and ARM Germany GmbH. All rights reserved.
License Information: lingex lg, dg, LIC=76F5U-S2X8F-RAYDM-XF2AR-YISFN-FI5AL
 
Tool Versions:
Toolchain:       MDK-ARM Plus  Version: 5.28.0.0
Toolchain Path:  C:\Keil_v5\ARM\ARMCC\Bin
C Compiler:      Armcc.exe V5.06 update 6 (build 750)
Assembler:       Armasm.exe V5.06 update 6 (build 750)
Linker/Locator:  ArmLink.exe V5.06 update 6 (build 750)
Library Manager: ArmAr.exe V5.06 update 6 (build 750)
Hex Converter:   FromElf.exe V5.06 update 6 (build 750)
CPU DLL:         SARMCM3.DLL V5.28.0.0
Dialog DLL:      DCM.DLL V1.17.3.0
Target DLL:      STLink\ST-LINKIII-KEIL_SWO.dll V3.0.6.0
Dialog DLL:      TCM.DLL V1.36.2.0
 
<h2>Project:</h2>
U:\Dev\STM32\Keyboard\G610Rebuild\MDK-ARM\G610Rebuild.uvprojx
Project File Date:  04/25/2020

<h2>Output:</h2>
*** Using Compiler 'V5.06 update 6 (build 750)', folder: 'C:\Keil_v5\ARM\ARMCC\Bin'
Rebuild target 'G610Rebuild'
assembling startup_stm32l100xb.s...
compiling usb_device.c...
compiling stm32l1xx_hal.c...
compiling stm32l1xx_hal_rcc_ex.c...
compiling usbd_desc.c...
compiling stm32l1xx_hal_flash.c...
compiling stm32l1xx_hal_pcd_ex.c...
compiling usbd_conf.c...
compiling stm32l1xx_hal_flash_ex.c...
compiling stm32l1xx_hal_msp.c...
compiling stm32l1xx_hal_gpio.c...
compiling stm32l1xx_it.c...
compiling stm32l1xx_hal_flash_ramfunc.c...
compiling main.c...
compiling stm32l1xx_hal_rcc.c...
compiling stm32l1xx_ll_usb.c...
compiling stm32l1xx_hal_pcd.c...
compiling stm32l1xx_hal_pwr_ex.c...
compiling stm32l1xx_hal_tim_ex.c...
compiling stm32l1xx_hal_pwr.c...
compiling stm32l1xx_hal_dma.c...
compiling stm32l1xx_hal_cortex.c...
compiling stm32l1xx_hal_tim.c...
compiling system_stm32l1xx.c...
compiling stm32l1xx_hal_uart.c...
compiling stm32l1xx_hal_spi.c...
compiling usbd_hid.c...
compiling usbd_ioreq.c...
compiling usbd_ctlreq.c...
compiling usbd_core.c...
linking...
Program Size: Code=10656 RO-data=312 RW-data=364 ZI-data=2996  
FromELF: creating hex file...
"G610Rebuild\G610Rebuild.axf" - 0 Error(s), 0 Warning(s).

<h2>Software Packages used:</h2>

Package Vendor: ARM
                http://www.keil.com/pack/ARM.CMSIS.5.6.0.pack
                ARM.CMSIS.5.6.0
                CMSIS (Cortex Microcontroller Software Interface Standard)
   * Component: CORE Version: 5.3.0

Package Vendor: Keil
                http://www.keil.com/pack/Keil.STM32L1xx_DFP.1.2.0.pack
                Keil.STM32L1xx_DFP.1.2.0
                STMicroelectronics STM32L1 Series Device Support and Examples

<h2>Collection of Component include folders:</h2>
  .\RTE\_G610Rebuild
  C:\Users\lingex\AppData\Local\Arm\Packs\ARM\CMSIS\5.6.0\CMSIS\Core\Include
  C:\Users\lingex\AppData\Local\Arm\Packs\Keil\STM32L1xx_DFP\1.2.0\Device\Include

<h2>Collection of Component Files used:</h2>

   * Component: ARM::CMSIS:CORE:5.3.0
Build Time Elapsed:  00:00:04
</pre>
</body>
</html>
